[backblue.gif]
[fade.gif]
[index.html]
[identity.saigontechnology.vn/stsLogo.png]
[identity.saigontechnology.vn/lib/jquery/jquery.js]
[identity.saigontechnology.vn/lib/bootstrap/js/bootstrap.min.js]
[identity.saigontechnology.vn/lib/bootstrap/js/CustomLogin.js]
[identity.saigontechnology.vn/lib/bootstrap/js/bootstrap-notify.min.js]
[identity.saigontechnology.vn/icon.png]
[identity.saigontechnology.vn/account/login823e.html]
[identity.saigontechnology.vn/lib/bootstrap/css/bootstrap.min.css]
[identity.saigontechnology.vn/css/site.css]
[identity.saigontechnology.vn/LoginTemplate/image/background.png]
[identity.saigontechnology.vn/LoginTemplate/css/custom/CustomLogin.css]
[identity.saigontechnology.vn/LoginTemplate/css/libs/components.min.css]
[identity.saigontechnology.vn/LoginTemplate/css/libs/font-awesome.min.css]
[identity.saigontechnology.vn/LoginTemplate/css/libs/toaster.css]
[identity.saigontechnology.vn/LoginTemplate/css/img/remove-icon-small.html]
[identity.saigontechnology.vn/LoginTemplate/css/img/syncfusion-icons.html]
[identity.saigontechnology.vn/LoginTemplate/css/img/syncfusion-icons-white.html]
[identity.saigontechnology.vn/LoginTemplate/css/img/accordion-plusminus.html]
[identity.saigontechnology.vn/LoginTemplate/css/img/portlet-remove-icon.html]
[identity.saigontechnology.vn/LoginTemplate/css/img/portlet-config-icon.html]
[identity.saigontechnology.vn/LoginTemplate/css/img/portlet-reload-icon.html]
[identity.saigontechnology.vn/LoginTemplate/css/img/portlet-expand-icon.html]
[identity.saigontechnology.vn/LoginTemplate/css/img/portlet-collapse-icon.html]
[identity.saigontechnology.vn/LoginTemplate/css/img/portlet-remove-icon-white.html]
[identity.saigontechnology.vn/LoginTemplate/css/img/portlet-config-icon-white.html]
[identity.saigontechnology.vn/LoginTemplate/css/img/portlet-reload-icon-white.html]
[identity.saigontechnology.vn/LoginTemplate/css/img/portlet-expand-icon-white.html]
[identity.saigontechnology.vn/LoginTemplate/css/img/portlet-collapse-icon-white.html]
[identity.saigontechnology.vn/LoginTemplate/css/img/social/amazon.html]
[identity.saigontechnology.vn/LoginTemplate/css/img/social/behance.html]
[identity.saigontechnology.vn/LoginTemplate/css/img/social/blogger.html]
[identity.saigontechnology.vn/LoginTemplate/css/img/social/deviantart.html]
[identity.saigontechnology.vn/LoginTemplate/css/img/social/dribbble.html]
[identity.saigontechnology.vn/LoginTemplate/css/img/social/dropbox.html]
[identity.saigontechnology.vn/LoginTemplate/css/img/social/evernote.html]
[identity.saigontechnology.vn/LoginTemplate/css/img/social/facebook.html]
[identity.saigontechnology.vn/LoginTemplate/css/img/social/forrst.html]
[identity.saigontechnology.vn/LoginTemplate/css/img/social/github.html]
[identity.saigontechnology.vn/LoginTemplate/css/img/social/googleplus.html]
[identity.saigontechnology.vn/LoginTemplate/css/img/social/jolicloud.html]
[identity.saigontechnology.vn/LoginTemplate/css/img/social/last-fm.html]
[identity.saigontechnology.vn/LoginTemplate/css/img/social/linkedin.html]
[identity.saigontechnology.vn/LoginTemplate/css/img/social/picasa.html]
[identity.saigontechnology.vn/LoginTemplate/css/img/social/pintrest.html]
[identity.saigontechnology.vn/LoginTemplate/css/img/social/rss.html]
[identity.saigontechnology.vn/LoginTemplate/css/img/social/skype.html]
[identity.saigontechnology.vn/LoginTemplate/css/img/social/spotify.html]
[identity.saigontechnology.vn/LoginTemplate/css/img/social/stumbleupon.html]
[identity.saigontechnology.vn/LoginTemplate/css/img/social/tumblr.html]
[identity.saigontechnology.vn/LoginTemplate/css/img/social/twitter.html]
[identity.saigontechnology.vn/LoginTemplate/css/img/social/vimeo.html]
[identity.saigontechnology.vn/LoginTemplate/css/img/social/wordpress.html]
[identity.saigontechnology.vn/LoginTemplate/css/img/social/xing.html]
[identity.saigontechnology.vn/LoginTemplate/css/img/social/yahoo.html]
[identity.saigontechnology.vn/LoginTemplate/css/img/social/youtube.html]
[identity.saigontechnology.vn/LoginTemplate/css/img/social/vk.html]
[identity.saigontechnology.vn/LoginTemplate/css/img/social/instagram.html]
[identity.saigontechnology.vn/LoginTemplate/css/img/social/reddit.html]
[identity.saigontechnology.vn/LoginTemplate/css/img/social/aboutme.html]
[identity.saigontechnology.vn/LoginTemplate/css/img/social/flickr.html]
[identity.saigontechnology.vn/LoginTemplate/css/img/social/foursquare.html]
[identity.saigontechnology.vn/LoginTemplate/css/img/social/gravatar.html]
[identity.saigontechnology.vn/LoginTemplate/css/img/social/klout.html]
[identity.saigontechnology.vn/LoginTemplate/css/img/social/myspace.html]
[identity.saigontechnology.vn/LoginTemplate/css/img/social/quora.html]
